%!Adobe-FontList 1.16
%Locale:0x409

%BeginFont
Handler:DirectoryHandler
FontType:Type1
FontName:AWConquerorDidot-Light
FamilyName:AW Conqueror Didot
StyleName:Light
MenuName:AW Conqueror Didot Light
StyleBits:0
WeightClass:300
WidthClass:5
AngleClass:0
FullName:AW Conqueror Didot Light
WritingScript:Roman
OutlineFileName:\AWConquerorDidot-Light.otf
DataFormat:sfntData
UsesStandardEncoding:yes
isCFF:yes
FileLength:76016
FileModTime:1426599687
NameArray:0,Mac,4,AW Conqueror Didot Light
NameArray:0,Win,1,AW Conqueror Didot Light
NameArray:0,Win,16,AW Conqueror Didot
%EndFont

%BeginFont
Handler:DirectoryHandler
FontType:Type1
FontName:BrownStd-Bold
FamilyName:BrownStd
StyleName:Bold
MenuName:BrownStd
StyleBits:2
WeightClass:700
WidthClass:5
AngleClass:0
FullName:BrownStd-Bold
WritingScript:Roman
OutlineFileName:\BrownStd-Bold.otf
DataFormat:sfntData
UsesStandardEncoding:yes
isCFF:yes
FileLength:67288
FileModTime:1413382575
NameArray:0,Mac,18,BrownStd Bold
NameArray:0,Mac,4,BrownStd-Bold
NameArray:0,Win,1,BrownStd
%EndFont

%BeginFont
Handler:DirectoryHandler
FontType:Type1
FontName:BrownStd-Light
FamilyName:BrownStd
StyleName:Light
MenuName:BrownStd Light
StyleBits:0
WeightClass:300
WidthClass:5
AngleClass:0
FullName:BrownStd-Light
WritingScript:Roman
OutlineFileName:\BrownStd-Light.otf
DataFormat:sfntData
UsesStandardEncoding:yes
isCFF:yes
FileLength:66300
FileModTime:1425373616
NameArray:0,Mac,18,BrownStd Light
NameArray:0,Mac,4,BrownStd-Light
NameArray:0,Win,1,BrownStd Light
NameArray:0,Win,16,BrownStd
%EndFont

%BeginFont
Handler:DirectoryHandler
FontType:Type1
FontName:Gotham-Bold
FamilyName:Gotham
StyleName:Bold
MenuName:Gotham-Bold
StyleBits:2
WeightClass:700
WidthClass:5
AngleClass:0
FullName:Gotham-Bold
WritingScript:Roman
OutlineFileName:\GothaBol
DataFormat:POSTResource
UsesStandardEncoding:no
isCFF:no
FileLength:30891
FileModTime:1398759648
DesignSize:-1
%EndFont

%BeginFont
Handler:DirectoryHandler
FontType:Type1
FontName:Gotham-Book
FamilyName:Gotham
StyleName:Book
MenuName:Gotham-Book
StyleBits:0
WeightClass:400
WidthClass:5
AngleClass:0
FullName:Gotham-Book
WritingScript:Roman
OutlineFileName:\GothaBoo
DataFormat:POSTResource
UsesStandardEncoding:no
isCFF:no
FileLength:30608
FileModTime:1398759648
DesignSize:-1
%EndFont

%BeginFont
Handler:DirectoryHandler
FontType:Type1
FontName:Gotham-Light
FamilyName:Gotham
StyleName:Light
MenuName:Gotham-Light
StyleBits:0
WeightClass:300
WidthClass:5
AngleClass:0
FullName:Gotham-Light
WritingScript:Roman
OutlineFileName:\GothaLig
DataFormat:POSTResource
UsesStandardEncoding:no
isCFF:no
FileLength:30748
FileModTime:1398759648
DesignSize:-1
%EndFont

%BeginFont
Handler:DirectoryHandler
FontType:Suitcase
FontName:Gotham-Light
OutlineFileName:\HTF Gotham™
ResourceID:4158
MacStyle:0
FileLength:207007
FileModTime:1398759648
%EndFont

%BeginFont
Handler:DirectoryHandler
FontType:Suitcase
FontName:Gotham-LightItalic
OutlineFileName:\HTF Gotham™
ResourceID:4158
MacStyle:2
FileLength:207007
FileModTime:1398759648
%EndFont

%BeginFont
Handler:DirectoryHandler
FontType:Suitcase
FontName:Gotham-Book
OutlineFileName:\HTF Gotham™
ResourceID:4159
MacStyle:0
FileLength:207007
FileModTime:1398759648
%EndFont

%BeginFont
Handler:DirectoryHandler
FontType:Suitcase
FontName:Gotham-BookItalic
OutlineFileName:\HTF Gotham™
ResourceID:4159
MacStyle:2
FileLength:207007
FileModTime:1398759648
%EndFont

%BeginFont
Handler:DirectoryHandler
FontType:Suitcase
FontName:Gotham-Medium
OutlineFileName:\HTF Gotham™
ResourceID:4160
MacStyle:0
FileLength:207007
FileModTime:1398759648
%EndFont

%BeginFont
Handler:DirectoryHandler
FontType:Suitcase
FontName:Gotham-MediumItalic
OutlineFileName:\HTF Gotham™
ResourceID:4160
MacStyle:2
FileLength:207007
FileModTime:1398759648
%EndFont

%BeginFont
Handler:DirectoryHandler
FontType:Suitcase
FontName:Gotham-Bold
OutlineFileName:\HTF Gotham™
ResourceID:4161
MacStyle:0
FileLength:207007
FileModTime:1398759648
%EndFont

%BeginFont
Handler:DirectoryHandler
FontType:Suitcase
FontName:Gotham-BoldItalic
OutlineFileName:\HTF Gotham™
ResourceID:4161
MacStyle:2
FileLength:207007
FileModTime:1398759648
%EndFont

%BeginFont
Handler:DirectoryHandler
FontType:Suitcase
FontName:Gotham-LightItalic
OutlineFileName:\HTF Gotham™
ResourceID:4275
MacStyle:0
FileLength:207007
FileModTime:1398759648
%EndFont

%BeginFont
Handler:DirectoryHandler
FontType:Suitcase
FontName:Gotham-BookItalic
OutlineFileName:\HTF Gotham™
ResourceID:4276
MacStyle:0
FileLength:207007
FileModTime:1398759648
%EndFont

%BeginFont
Handler:DirectoryHandler
FontType:Suitcase
FontName:Gotham-MediumItalic
OutlineFileName:\HTF Gotham™
ResourceID:4277
MacStyle:0
FileLength:207007
FileModTime:1398759648
%EndFont

%BeginFont
Handler:DirectoryHandler
FontType:Suitcase
FontName:Gotham-BoldItalic
OutlineFileName:\HTF Gotham™
ResourceID:4278
MacStyle:0
FileLength:207007
FileModTime:1398759648
%EndFont

%BeginFont
Handler:DirectoryHandler
FontType:Type1
FontName:MinionPro-Regular
FamilyName:Minion Pro
StyleName:Regular
MenuName:Minion Pro
StyleBits:0
WeightClass:400
WidthClass:5
AngleClass:0
FullName:Minion Pro
WritingScript:Roman
OutlineFileName:\MinionPro-Regular.otf
DataFormat:sfntData
UsesStandardEncoding:yes
isCFF:yes
FileLength:218640
FileModTime:1398264262
DesignSize:110
NameArray:0,Mac,4,Minion Pro
NameArray:0,Win,1,Minion Pro
%EndFont

%BeginFont
Handler:DirectoryHandler
FontType:TrueType
FontName:NeuzeitSLT-BookHeavy
FamilyName:NeuzeitS LT Book
StyleName:Bold
MenuName:NeuzeitS LT Book
StyleBits:2
WeightClass:700
WidthClass:5
AngleClass:0
FullName:Neuzeit S LT BookHeavy
WritingScript:Roman
OutlineFileName:\Neuzeit_S_LT_BookHeavy.ttf
DataFormat:sfntData
FileLength:53272
FileModTime:1457423310
NameArray:0,Mac,4,Neuzeit S LT BookHeavy
NameArray:0,Win,1,NeuzeitS LT Book
%EndFont

%BeginFont
Handler:DirectoryHandler
FontType:TrueType
FontName:NeuzeitS-Book
FamilyName:NeuzeitS-Book
StyleName:Book
MenuName:NeuzeitS-Book
StyleBits:0
WeightClass:400
WidthClass:5
AngleClass:0
FullName:NeuzeitS-Book
WritingScript:Roman
OutlineFileName:\NeuzeitSBook.ttf
DataFormat:sfntData
FileLength:41720
FileModTime:1457423313
NameArray:0,Mac,4,NeuzeitS-Book
NameArray:0,Win,1,NeuzeitS-Book
%EndFont

%BeginFont
Handler:DirectoryHandler
FontType:Type1
FontName:SofiaProBold
FamilyName:Sofia Pro
StyleName:Bold
MenuName:Sofia Pro Bold
StyleBits:2
WeightClass:400
WidthClass:5
AngleClass:0
FullName:Sofia Pro Bold
WritingScript:Roman
OutlineFileName:\Sofia Pro Bold.otf
DataFormat:sfntData
UsesStandardEncoding:yes
isCFF:yes
FileLength:92760
FileModTime:1453452914
NameArray:0,Mac,4,Sofia Pro Bold
NameArray:0,Win,1,Sofia Pro Bold
NameArray:0,Win,16,Sofia Pro
%EndFont

%BeginFont
Handler:DirectoryHandler
FontType:TrueType
FontName:Wingdings3
FamilyName:Wingdings 3
StyleName:Regular
MenuName:Wingdings 3
StyleBits:0
WeightClass:400
WidthClass:5
AngleClass:0
FullName:Wingdings 3
WritingScript:Roman
OutlineFileName:\Wingdings 3.ttf
DataFormat:sfntData
FileLength:34804
FileModTime:1395856800
NameArray:0,Mac,4,Wingdings 3
NameArray:0,Win,1,Wingdings 3
%EndFont

%BeginFont
Handler:DirectoryHandler
FontType:TrueType
FontName:ZapfDingbatsITC
FamilyName:Zapf Dingbats
StyleName:Regular
MenuName:Zapf Dingbats
StyleBits:0
WeightClass:400
WidthClass:5
AngleClass:0
FullName:Zapf Dingbats
WritingScript:Roman
OutlineFileName:\ZapfDingbats.ttf
DataFormat:sfntData
FileLength:154132
FileModTime:1445679130
NameArray:0,Mac,4,Zapf Dingbats
%EndFont

